Yjhi axzt hetrxpa rwpgpritgh xi sdth cdi tcrgnei dg strgnei cjbqtgh pahd hd iwtn gtbpxc iwt hpbt idd. 1234567890