Wtaad, bn cpbt xh Rwpxipcnp iwxh xh iwt egdytri du ujcspbtcipah du rdbejixcv.
