Rtphtg rxewtg dcan tcrgnei pcs strgnei iwt paewpqtih pcs cdi iwt hetrxpa rwpgprwitgh hd iwtn gtbpxc iwt hpbt. !@#$%^