json = {}
json.person = {{}}
json.person.name = "Alice"
json.person.age = 30
json.person.address = {{}}
json.person.address.city = "Wonderland"
json.person.address.zip = "12345"

