json = {}
json.emptyObject = {{}}
json.emptyArray = []